<?xml version="1.0" encoding="UTF-8"?><mappingRoot xmlns="http://www.ibm.com/2008/ccl/Mapping" domainID="com.ibm.msl.mapping.xml" domainIDExtension="mb" mainMap="true" targetNamespace="default" version="8.0.5.0" xmlns:map="default">
    <input path="jar:file://!com/ibm/etools/mft/map/xsds/predefined/SOAPDomainMsg.xsd" var="var4"/>
    <input path="mbsharedlib://IIBLabInterfaces/FuncionarioServico_InlineSchema1.xsd" var="var2"/>
    <output path="jar:file://!com/ibm/etools/mft/map/xsds/predefined/JsonDomainMsg.xsd" var="var3"/>
    <namespaces>
        <namespace kind="supplement" prefix="in" uri="http://www.ibm.com/iib/msl/json"/>
        <namespace kind="supplement" prefix="in2" uri="http://indracompany.com/funcionario"/>
    </namespaces>
    <generation engine="xquery"/>
    <mappingDeclaration name="createEmployees_Mapping1">
        <input path="$var4/mb:msg(SOAP_Domain_Msg,assembly,SOAP,Properties)" var="MessageAssembly">
            <cast path="$MessageAssembly/SOAP_Domain_Msg/Body/any" qualifier="{http://indracompany.com/funcionario}CriarResponse" ref="var2"/>
        </input>
        <output namespace="http://www.ibm.com/iib/msl/json" path="$var3/mb:msg(JSON,assembly,JSON,LocalEnvironment,Properties)" var="MessageAssembly1">
            <cast castType="userDefined" path="$MessageAssembly1/JSON/Data/type('anyType')" qualifier="{http://www.ibm.com/iib/msl/json}JSONObject" ref="var3"/>
        </output>
        <move>
            <input path="$MessageAssembly/SOAP_Domain_Msg/Body/CriarResponse/CriarResult"/>
            <output path="$MessageAssembly1/JSON/spath('Data',2)/any"/>
        </move>
    </mappingDeclaration>
</mappingRoot>