<?xml version="1.0" encoding="UTF-8"?><mappingRoot xmlns="http://www.ibm.com/2008/ccl/Mapping" domainID="com.ibm.msl.mapping.xml" domainIDExtension="mb" mainMap="true" targetNamespace="default" version="8.0.5.0" xmlns:map="default">
    <input derivedFrom="MB:JSON_schema_in_swagger_document" path="/swagger.json" var="var1"/>
    <input path="jar:file://!com/ibm/etools/mft/map/xsds/predefined/SOAPDomainMsg.xsd" var="var7"/>
    <input path="mbsharedlib://IIBLabInterfaces/FuncionarioServico_InlineSchema1.xsd" var="var6"/>
    <output path="jar:file://!com/ibm/etools/mft/map/xsds/predefined/JsonDomainMsg.xsd" var="var4"/>
    <output derivedFrom="MB:JSON_schema_in_swagger_document" path="/swagger.json" var="var5"/>
    <namespaces>
        <namespace kind="supplement" prefix="io" uri="http://www.ibm.com/iib/msl/json"/>
    </namespaces>
    <generation engine="xquery"/>
    <mappingDeclaration name="createEmployee_SOAP_to_JSON">
        <input path="$var7/mb:msg(SOAP_Domain_Msg,assembly,SOAP,Properties)" var="MessageAssembly">
            <cast path="$MessageAssembly/SOAP_Domain_Msg/Body/any" qualifier="{http://indracompany.com/funcionario}CriarResponse" ref="var6"/>
        </input>
        <output namespace="http://www.ibm.com/iib/msl/json" path="$var4/mb:msg(JSON,assembly,JSON,Properties)" var="MessageAssembly1">
            <cast derivedFrom="MB:JSON_operation_response" path="$MessageAssembly1/JSON/Data/type('anyType')" qualifier="{http://www.ibm.com/iib/msl/json}CreateEmployeeResult" ref="var5"/>
        </output>
        <convert defaultValue="0">
            <input path="$MessageAssembly/SOAP_Domain_Msg/Body/CriarResponse/CriarResult"/>
            <output path="$MessageAssembly1/JSON/spath('Data',2)/id"/>
        </convert>
    </mappingDeclaration>
</mappingRoot>